// Jest Snapshot v1, https://goo.gl/fbAQLP

exports[`Header renders 1`] = `
<div>
  <header
    class="css-f4v558-StyledHeader e1sn27879"
  >
    <div
      class="css-1sbbrbc-StyledHeaderTitle e1sn27877"
    >
      <a
        class="css-d2nb4b-StyledLink e1sn27878"
        href="/app/default/dashboard"
      >
        Test title
      </a>
    </div>
  </header>
   
</div>
`;
