// Jest Snapshot v1, https://goo.gl/fbAQLP

exports[`Header renders 1`] = `
<div>
  <header
    class="css-40cvnf-StyledHeader e1sn27876"
  >
    <div
      class="css-drcwnq-StyledHeaderTitle e1sn27874"
    >
      <a
        class="css-2l7azn-StyledLink e1sn27875"
        href="/app/1/dashboard"
      >
        Test title
      </a>
    </div>
  </header>
   
</div>
`;
