// Jest Snapshot v1, https://goo.gl/fbAQLP

exports[`Header renders 1`] = `
<div>
  <header
    class="css-1p8v3tm-HeaderContainer e1sn27871"
  >
    <button
      aria-label="Menü öffnen"
      class="css-1290inr-StyledMenuButton e91bmyz0"
      title="Menü öffnen"
    >
      <svg
        aria-labelledby="menu-button-icon"
        fill="none"
        height="24"
        viewBox="0 0 24 24"
        width="24"
        xmlns="http://www.w3.org/2000/svg"
      >
        <title
          id="menu-button-icon"
        >
          Menü öffnen
        </title>
        <g>
          <path
            d="M5 8H19"
            stroke="#111111"
            stroke-linecap="round"
            stroke-width="2"
          />
        </g>
        <g>
          <path
            d="M19 16H5"
            stroke="#111111"
            stroke-linecap="round"
            stroke-width="2"
          />
        </g>
      </svg>
    </button>
    <a
      class="css-1kagrgy-StyledLink e1sn27870"
      href="/undefined"
    >
      Test title
    </a>
  </header>
   
</div>
`;
